Using CPython 3.12.13
Creating virtual environment with seed packages at: /var/folders/km/x299zwkn69d9gp8bjngqydw80000gn/T/shuetl-0.6.0-wheel-zpknns43/venv-core
 + pip==26.2.1
Activate with: source /var/folders/km/x299zwkn69d9gp8bjngqydw80000gn/T/shuetl-0.6.0-wheel-zpknns43/venv-core/bin/activate
Processing /private/tmp/shuetl-057-acceptance/shuetl-dist/shuetl-0.6.0-py3-none-any.whl (from shuetl==0.6.0)
Collecting etlantic-fastapi==0.57.0 (from shuetl==0.6.0->shuetl==0.6.0)
  Using cached etlantic_fastapi-0.57.0-py3-none-any.whl.metadata (17 kB)
Collecting etlantic==0.57.0 (from shuetl==0.6.0->shuetl==0.6.0)
  Using cached etlantic-0.57.0-py3-none-any.whl.metadata (12 kB)
Collecting fastapi==0.141.1 (from shuetl==0.6.0->shuetl==0.6.0)
  Using cached fastapi-0.141.1-py3-none-any.whl.metadata (27 kB)
Collecting pydantic-settings==2.15.0 (from shuetl==0.6.0->shuetl==0.6.0)
  Using cached pydantic_settings-2.15.0-py3-none-any.whl.metadata (3.9 kB)
Collecting pydantic==2.13.5 (from shuetl==0.6.0->shuetl==0.6.0)
  Using cached pydantic-2.13.5-py3-none-any.whl.metadata (110 kB)
Collecting httpx2==2.12.0 (from shuetl==0.6.0->shuetl==0.6.0)
  Using cached httpx2-2.12.0-py3-none-any.whl.metadata (9.5 kB)
Collecting anyio>=4 (from etlantic==0.57.0->shuetl==0.6.0->shuetl==0.6.0)
  Using cached anyio-4.15.1-py3-none-any.whl.metadata (4.7 kB)
Collecting click>=8 (from etlantic==0.57.0->shuetl==0.6.0->shuetl==0.6.0)
  Using cached click-8.5.0-py3-none-any.whl.metadata (2.6 kB)
Collecting contractmodel>=0.2 (from etlantic==0.57.0->shuetl==0.6.0->shuetl==0.6.0)
  Using cached contractmodel-0.2.0-py3-none-any.whl.metadata (14 kB)
Collecting dpcs>=0.13 (from etlantic==0.57.0->shuetl==0.6.0->shuetl==0.6.0)
  Using cached dpcs-0.13.1.tar.gz (150 kB)
  Installing build dependencies: started
  Installing build dependencies: finished with status 'done'
  Getting requirements to build wheel: started
  Getting requirements to build wheel: finished with status 'done'
  Preparing metadata (pyproject.toml): started
  Preparing metadata (pyproject.toml): finished with status 'done'
Collecting dtcs>=0.13 (from etlantic==0.57.0->shuetl==0.6.0->shuetl==0.6.0)
  Using cached dtcs-0.13.0-cp39-abi3-macosx_11_0_arm64.whl.metadata (5.7 kB)
Collecting jsonschema>=4.23 (from etlantic==0.57.0->shuetl==0.6.0->shuetl==0.6.0)
  Using cached jsonschema-4.26.0-py3-none-any.whl.metadata (7.6 kB)
Collecting packaging>=24 (from etlantic==0.57.0->shuetl==0.6.0->shuetl==0.6.0)
  Using cached packaging-26.3-py3-none-any.whl.metadata (3.5 kB)
Collecting typer>=0.15 (from etlantic==0.57.0->shuetl==0.6.0->shuetl==0.6.0)
  Using cached typer-0.27.3-py3-none-any.whl.metadata (16 kB)
Collecting tzdata>=2024.1 (from etlantic==0.57.0->shuetl==0.6.0->shuetl==0.6.0)
  Using cached tzdata-2026.5-py2.py3-none-any.whl.metadata (1.4 kB)
Collecting starlette>=0.46.0 (from fastapi==0.141.1->shuetl==0.6.0->shuetl==0.6.0)
  Using cached starlette-1.7.0-py3-none-any.whl.metadata (6.6 kB)
Collecting typing-extensions>=4.8.0 (from fastapi==0.141.1->shuetl==0.6.0->shuetl==0.6.0)
  Using cached typing_extensions-4.16.0-py3-none-any.whl.metadata (3.3 kB)
Collecting typing-inspection>=0.4.2 (from fastapi==0.141.1->shuetl==0.6.0->shuetl==0.6.0)
  Using cached typing_inspection-0.4.4-py3-none-any.whl.metadata (2.6 kB)
Collecting annotated-doc>=0.0.2 (from fastapi==0.141.1->shuetl==0.6.0->shuetl==0.6.0)
  Using cached annotated_doc-0.0.5-py3-none-any.whl.metadata (6.5 kB)
Collecting httpcore2==2.12.0 (from httpx2==2.12.0->shuetl==0.6.0->shuetl==0.6.0)
  Using cached httpcore2-2.12.0-py3-none-any.whl.metadata (25 kB)
Collecting idna>=3.18 (from httpx2==2.12.0->shuetl==0.6.0->shuetl==0.6.0)
  Using cached idna-3.20-py3-none-any.whl.metadata (7.2 kB)
Collecting truststore>=0.10 (from httpx2==2.12.0->shuetl==0.6.0->shuetl==0.6.0)
  Using cached truststore-0.10.4-py3-none-any.whl.metadata (4.4 kB)
Collecting h11>=0.16 (from httpcore2==2.12.0->httpx2==2.12.0->shuetl==0.6.0->shuetl==0.6.0)
  Using cached h11-0.16.0-py3-none-any.whl.metadata (8.3 kB)
Collecting annotated-types>=0.6.0 (from pydantic==2.13.5->shuetl==0.6.0->shuetl==0.6.0)
  Using cached annotated_types-0.8.0-py3-none-any.whl.metadata (15 kB)
Collecting pydantic-core==2.46.5 (from pydantic==2.13.5->shuetl==0.6.0->shuetl==0.6.0)
  Using cached pydantic_core-2.46.5-cp312-cp312-macosx_11_0_arm64.whl.metadata (6.6 kB)
Collecting python-dotenv>=0.21.0 (from pydantic-settings==2.15.0->shuetl==0.6.0->shuetl==0.6.0)
  Using cached python_dotenv-1.2.4-py3-none-any.whl.metadata (29 kB)
Collecting email-validator>=2.0 (from contractmodel>=0.2->etlantic==0.57.0->shuetl==0.6.0->shuetl==0.6.0)
  Using cached email_validator-2.3.0-py3-none-any.whl.metadata (26 kB)
Collecting pyodcs<2,>=0.9.1 (from contractmodel>=0.2->etlantic==0.57.0->shuetl==0.6.0->shuetl==0.6.0)
  Using cached pyodcs-0.9.1-cp39-abi3-macosx_11_0_arm64.whl.metadata (6.7 kB)
Collecting pyyaml>=6.0 (from contractmodel>=0.2->etlantic==0.57.0->shuetl==0.6.0->shuetl==0.6.0)
  Using cached pyyaml-6.0.3-cp312-cp312-macosx_11_0_arm64.whl.metadata (2.4 kB)
Collecting rich>=13.0 (from contractmodel>=0.2->etlantic==0.57.0->shuetl==0.6.0->shuetl==0.6.0)
  Using cached rich-15.0.0-py3-none-any.whl.metadata (18 kB)
Collecting dnspython>=2.0.0 (from email-validator>=2.0->contractmodel>=0.2->etlantic==0.57.0->shuetl==0.6.0->shuetl==0.6.0)
  Using cached dnspython-2.9.0-py3-none-any.whl.metadata (5.7 kB)
Collecting attrs>=22.2.0 (from jsonschema>=4.23->etlantic==0.57.0->shuetl==0.6.0->shuetl==0.6.0)
  Using cached attrs-26.1.0-py3-none-any.whl.metadata (8.8 kB)
Collecting jsonschema-specifications>=2023.03.6 (from jsonschema>=4.23->etlantic==0.57.0->shuetl==0.6.0->shuetl==0.6.0)
  Using cached jsonschema_specifications-2025.9.1-py3-none-any.whl.metadata (2.9 kB)
Collecting referencing>=0.28.4 (from jsonschema>=4.23->etlantic==0.57.0->shuetl==0.6.0->shuetl==0.6.0)
  Using cached referencing-0.37.0-py3-none-any.whl.metadata (2.8 kB)
Collecting rpds-py>=0.25.0 (from jsonschema>=4.23->etlantic==0.57.0->shuetl==0.6.0->shuetl==0.6.0)
  Downloading rpds_py-2026.9.1-cp312-cp312-macosx_11_0_arm64.whl.metadata (4.1 kB)
Collecting markdown-it-py>=2.2.0 (from rich>=13.0->contractmodel>=0.2->etlantic==0.57.0->shuetl==0.6.0->shuetl==0.6.0)
  Using cached markdown_it_py-4.2.0-py3-none-any.whl.metadata (7.4 kB)
Collecting pygments<3.0.0,>=2.13.0 (from rich>=13.0->contractmodel>=0.2->etlantic==0.57.0->shuetl==0.6.0->shuetl==0.6.0)
  Using cached pygments-2.21.0-py3-none-any.whl.metadata (2.5 kB)
Collecting mdurl~=0.1 (from markdown-it-py>=2.2.0->rich>=13.0->contractmodel>=0.2->etlantic==0.57.0->shuetl==0.6.0->shuetl==0.6.0)
  Using cached mdurl-0.1.2-py3-none-any.whl.metadata (1.6 kB)
Collecting shellingham>=1.3.0 (from typer>=0.15->etlantic==0.57.0->shuetl==0.6.0->shuetl==0.6.0)
  Using cached shellingham-1.5.4-py2.py3-none-any.whl.metadata (3.5 kB)
Using cached etlantic-0.57.0-py3-none-any.whl (1.2 MB)
Using cached etlantic_fastapi-0.57.0-py3-none-any.whl (54 kB)
Using cached fastapi-0.141.1-py3-none-any.whl (131 kB)
Using cached httpx2-2.12.0-py3-none-any.whl (95 kB)
Using cached httpcore2-2.12.0-py3-none-any.whl (83 kB)
Using cached pydantic-2.13.5-py3-none-any.whl (472 kB)
Using cached pydantic_core-2.46.5-cp312-cp312-macosx_11_0_arm64.whl (1.9 MB)
Using cached pydantic_settings-2.15.0-py3-none-any.whl (69 kB)
Using cached annotated_doc-0.0.5-py3-none-any.whl (5.3 kB)
Using cached annotated_types-0.8.0-py3-none-any.whl (13 kB)
Using cached anyio-4.15.1-py3-none-any.whl (132 kB)
Using cached click-8.5.0-py3-none-any.whl (125 kB)
Using cached contractmodel-0.2.0-py3-none-any.whl (74 kB)
Using cached pyodcs-0.9.1-cp39-abi3-macosx_11_0_arm64.whl (3.1 MB)
Using cached dtcs-0.13.0-cp39-abi3-macosx_11_0_arm64.whl (2.7 MB)
Using cached email_validator-2.3.0-py3-none-any.whl (35 kB)
Using cached dnspython-2.9.0-py3-none-any.whl (354 kB)
Using cached h11-0.16.0-py3-none-any.whl (37 kB)
Using cached idna-3.20-py3-none-any.whl (69 kB)
Using cached jsonschema-4.26.0-py3-none-any.whl (90 kB)
Using cached attrs-26.1.0-py3-none-any.whl (67 kB)
Using cached jsonschema_specifications-2025.9.1-py3-none-any.whl (18 kB)
Using cached packaging-26.3-py3-none-any.whl (129 kB)
Using cached python_dotenv-1.2.4-py3-none-any.whl (23 kB)
Using cached pyyaml-6.0.3-cp312-cp312-macosx_11_0_arm64.whl (173 kB)
Using cached referencing-0.37.0-py3-none-any.whl (26 kB)
Using cached rich-15.0.0-py3-none-any.whl (310 kB)
Using cached pygments-2.21.0-py3-none-any.whl (1.3 MB)
Using cached markdown_it_py-4.2.0-py3-none-any.whl (91 kB)
Using cached mdurl-0.1.2-py3-none-any.whl (10.0 kB)
Downloading rpds_py-2026.9.1-cp312-cp312-macosx_11_0_arm64.whl (341 kB)
Using cached starlette-1.7.0-py3-none-any.whl (78 kB)
Using cached truststore-0.10.4-py3-none-any.whl (18 kB)
Using cached typer-0.27.3-py3-none-any.whl (123 kB)
Using cached shellingham-1.5.4-py2.py3-none-any.whl (9.8 kB)
Using cached typing_extensions-4.16.0-py3-none-any.whl (45 kB)
Using cached typing_inspection-0.4.4-py3-none-any.whl (14 kB)
Using cached tzdata-2026.5-py2.py3-none-any.whl (347 kB)
Building wheels for collected packages: dpcs
  Building wheel for dpcs (pyproject.toml): started
  Building wheel for dpcs (pyproject.toml): finished with status 'done'
  Created wheel for dpcs: filename=dpcs-0.13.1-cp39-abi3-macosx_11_0_arm64.whl size=1228943 sha256=547486184ce2ae4933837547240cfbf23b6b3a88fbca582b929be0db6a2d0e82
  Stored in directory: /Users/odosmatthews/Library/Caches/pip/wheels/81/63/6e/80a8efd7706fc36d04771e1438b29cebee67ba92ad09b2d787
Successfully built dpcs
Installing collected packages: tzdata, typing-extensions, truststore, shellingham, rpds-py, pyyaml, python-dotenv, pyodcs, pygments, packaging, mdurl, idna, h11, dtcs, dpcs, dnspython, click, attrs, annotated-types, annotated-doc, typing-inspection, referencing, pydantic-core, markdown-it-py, httpcore2, email-validator, anyio, starlette, rich, pydantic, jsonschema-specifications, httpx2, typer, pydantic-settings, jsonschema, fastapi, contractmodel, etlantic, etlantic-fastapi, shuetl

Successfully installed annotated-doc-0.0.5 annotated-types-0.8.0 anyio-4.15.1 attrs-26.1.0 click-8.5.0 contractmodel-0.2.0 dnspython-2.9.0 dpcs-0.13.1 dtcs-0.13.0 email-validator-2.3.0 etlantic-0.57.0 etlantic-fastapi-0.57.0 fastapi-0.141.1 h11-0.16.0 httpcore2-2.12.0 httpx2-2.12.0 idna-3.20 jsonschema-4.26.0 jsonschema-specifications-2025.9.1 markdown-it-py-4.2.0 mdurl-0.1.2 packaging-26.3 pydantic-2.13.5 pydantic-core-2.46.5 pydantic-settings-2.15.0 pygments-2.21.0 pyodcs-0.9.1 python-dotenv-1.2.4 pyyaml-6.0.3 referencing-0.37.0 rich-15.0.0 rpds-py-2026.9.1 shellingham-1.5.4 shuetl-0.6.0 starlette-1.7.0 truststore-0.10.4 typer-0.27.3 typing-extensions-4.16.0 typing-inspection-0.4.4 tzdata-2026.5
{'shuetl': PosixPath('<isolated-wheel-path>'), 'etlantic': PosixPath('<isolated-wheel-path>'), 'etlantic_fastapi': PosixPath('<isolated-wheel-path>'), 'fastapi': PosixPath('<isolated-wheel-path>'), 'pydantic': PosixPath('<isolated-wheel-path>')}
mounted 5 routes; provider=memory
OIDC host composition smoke checks passed
session host composition smoke checks passed
development-static identity smoke checks passed
Using CPython 3.12.13
Creating virtual environment with seed packages at: /var/folders/km/x299zwkn69d9gp8bjngqydw80000gn/T/shuetl-0.6.0-wheel-zpknns43/venv-sqlite
 + pip==26.2.1
Activate with: source /var/folders/km/x299zwkn69d9gp8bjngqydw80000gn/T/shuetl-0.6.0-wheel-zpknns43/venv-sqlite/bin/activate
Processing /private/tmp/shuetl-057-acceptance/shuetl-dist/shuetl-0.6.0-py3-none-any.whl (from shuetl==0.6.0)
Collecting etlantic-fastapi==0.57.0 (from shuetl==0.6.0->shuetl==0.6.0)
  Using cached etlantic_fastapi-0.57.0-py3-none-any.whl.metadata (17 kB)
Collecting etlantic==0.57.0 (from shuetl==0.6.0->shuetl==0.6.0)
  Using cached etlantic-0.57.0-py3-none-any.whl.metadata (12 kB)
Collecting fastapi==0.141.1 (from shuetl==0.6.0->shuetl==0.6.0)
  Using cached fastapi-0.141.1-py3-none-any.whl.metadata (27 kB)
Collecting pydantic-settings==2.15.0 (from shuetl==0.6.0->shuetl==0.6.0)
  Using cached pydantic_settings-2.15.0-py3-none-any.whl.metadata (3.9 kB)
Collecting pydantic==2.13.5 (from shuetl==0.6.0->shuetl==0.6.0)
  Using cached pydantic-2.13.5-py3-none-any.whl.metadata (110 kB)
Collecting etlantic-sqlmodel==0.57.0 (from shuetl==0.6.0->shuetl==0.6.0)
  Using cached etlantic_sqlmodel-0.57.0-py3-none-any.whl.metadata (5.3 kB)
Collecting sqlalchemy==2.0.52 (from shuetl==0.6.0->shuetl==0.6.0)
  Downloading sqlalchemy-2.0.52-cp312-cp312-macosx_11_0_arm64.whl.metadata (9.6 kB)
Collecting httpx2==2.12.0 (from shuetl==0.6.0->shuetl==0.6.0)
  Using cached httpx2-2.12.0-py3-none-any.whl.metadata (9.5 kB)
Collecting anyio>=4 (from etlantic==0.57.0->shuetl==0.6.0->shuetl==0.6.0)
  Using cached anyio-4.15.1-py3-none-any.whl.metadata (4.7 kB)
Collecting click>=8 (from etlantic==0.57.0->shuetl==0.6.0->shuetl==0.6.0)
  Using cached click-8.5.0-py3-none-any.whl.metadata (2.6 kB)
Collecting contractmodel>=0.2 (from etlantic==0.57.0->shuetl==0.6.0->shuetl==0.6.0)
  Using cached contractmodel-0.2.0-py3-none-any.whl.metadata (14 kB)
Collecting dpcs>=0.13 (from etlantic==0.57.0->shuetl==0.6.0->shuetl==0.6.0)
  Using cached dpcs-0.13.1-cp39-abi3-macosx_11_0_arm64.whl
Collecting dtcs>=0.13 (from etlantic==0.57.0->shuetl==0.6.0->shuetl==0.6.0)
  Using cached dtcs-0.13.0-cp39-abi3-macosx_11_0_arm64.whl.metadata (5.7 kB)
Collecting jsonschema>=4.23 (from etlantic==0.57.0->shuetl==0.6.0->shuetl==0.6.0)
  Using cached jsonschema-4.26.0-py3-none-any.whl.metadata (7.6 kB)
Collecting packaging>=24 (from etlantic==0.57.0->shuetl==0.6.0->shuetl==0.6.0)
  Using cached packaging-26.3-py3-none-any.whl.metadata (3.5 kB)
Collecting typer>=0.15 (from etlantic==0.57.0->shuetl==0.6.0->shuetl==0.6.0)
  Using cached typer-0.27.3-py3-none-any.whl.metadata (16 kB)
Collecting tzdata>=2024.1 (from etlantic==0.57.0->shuetl==0.6.0->shuetl==0.6.0)
  Using cached tzdata-2026.5-py2.py3-none-any.whl.metadata (1.4 kB)
Collecting sqlmodel>=0.0.22 (from etlantic-sqlmodel==0.57.0->shuetl==0.6.0->shuetl==0.6.0)
  Using cached sqlmodel-0.0.48-py3-none-any.whl.metadata (9.5 kB)
Collecting starlette>=0.46.0 (from fastapi==0.141.1->shuetl==0.6.0->shuetl==0.6.0)
  Using cached starlette-1.7.0-py3-none-any.whl.metadata (6.6 kB)
Collecting typing-extensions>=4.8.0 (from fastapi==0.141.1->shuetl==0.6.0->shuetl==0.6.0)
  Using cached typing_extensions-4.16.0-py3-none-any.whl.metadata (3.3 kB)
Collecting typing-inspection>=0.4.2 (from fastapi==0.141.1->shuetl==0.6.0->shuetl==0.6.0)
  Using cached typing_inspection-0.4.4-py3-none-any.whl.metadata (2.6 kB)
Collecting annotated-doc>=0.0.2 (from fastapi==0.141.1->shuetl==0.6.0->shuetl==0.6.0)
  Using cached annotated_doc-0.0.5-py3-none-any.whl.metadata (6.5 kB)
Collecting httpcore2==2.12.0 (from httpx2==2.12.0->shuetl==0.6.0->shuetl==0.6.0)
  Using cached httpcore2-2.12.0-py3-none-any.whl.metadata (25 kB)
Collecting idna>=3.18 (from httpx2==2.12.0->shuetl==0.6.0->shuetl==0.6.0)
  Using cached idna-3.20-py3-none-any.whl.metadata (7.2 kB)
Collecting truststore>=0.10 (from httpx2==2.12.0->shuetl==0.6.0->shuetl==0.6.0)
  Using cached truststore-0.10.4-py3-none-any.whl.metadata (4.4 kB)
Collecting h11>=0.16 (from httpcore2==2.12.0->httpx2==2.12.0->shuetl==0.6.0->shuetl==0.6.0)
  Using cached h11-0.16.0-py3-none-any.whl.metadata (8.3 kB)
Collecting annotated-types>=0.6.0 (from pydantic==2.13.5->shuetl==0.6.0->shuetl==0.6.0)
  Using cached annotated_types-0.8.0-py3-none-any.whl.metadata (15 kB)
Collecting pydantic-core==2.46.5 (from pydantic==2.13.5->shuetl==0.6.0->shuetl==0.6.0)
  Using cached pydantic_core-2.46.5-cp312-cp312-macosx_11_0_arm64.whl.metadata (6.6 kB)
Collecting python-dotenv>=0.21.0 (from pydantic-settings==2.15.0->shuetl==0.6.0->shuetl==0.6.0)
  Using cached python_dotenv-1.2.4-py3-none-any.whl.metadata (29 kB)
Collecting email-validator>=2.0 (from contractmodel>=0.2->etlantic==0.57.0->shuetl==0.6.0->shuetl==0.6.0)
  Using cached email_validator-2.3.0-py3-none-any.whl.metadata (26 kB)
Collecting pyodcs<2,>=0.9.1 (from contractmodel>=0.2->etlantic==0.57.0->shuetl==0.6.0->shuetl==0.6.0)
  Using cached pyodcs-0.9.1-cp39-abi3-macosx_11_0_arm64.whl.metadata (6.7 kB)
Collecting pyyaml>=6.0 (from contractmodel>=0.2->etlantic==0.57.0->shuetl==0.6.0->shuetl==0.6.0)
  Using cached pyyaml-6.0.3-cp312-cp312-macosx_11_0_arm64.whl.metadata (2.4 kB)
Collecting rich>=13.0 (from contractmodel>=0.2->etlantic==0.57.0->shuetl==0.6.0->shuetl==0.6.0)
  Using cached rich-15.0.0-py3-none-any.whl.metadata (18 kB)
Collecting dnspython>=2.0.0 (from email-validator>=2.0->contractmodel>=0.2->etlantic==0.57.0->shuetl==0.6.0->shuetl==0.6.0)
  Using cached dnspython-2.9.0-py3-none-any.whl.metadata (5.7 kB)
Collecting attrs>=22.2.0 (from jsonschema>=4.23->etlantic==0.57.0->shuetl==0.6.0->shuetl==0.6.0)
  Using cached attrs-26.1.0-py3-none-any.whl.metadata (8.8 kB)
Collecting jsonschema-specifications>=2023.03.6 (from jsonschema>=4.23->etlantic==0.57.0->shuetl==0.6.0->shuetl==0.6.0)
  Using cached jsonschema_specifications-2025.9.1-py3-none-any.whl.metadata (2.9 kB)
Collecting referencing>=0.28.4 (from jsonschema>=4.23->etlantic==0.57.0->shuetl==0.6.0->shuetl==0.6.0)
  Using cached referencing-0.37.0-py3-none-any.whl.metadata (2.8 kB)
Collecting rpds-py>=0.25.0 (from jsonschema>=4.23->etlantic==0.57.0->shuetl==0.6.0->shuetl==0.6.0)
  Using cached rpds_py-2026.9.1-cp312-cp312-macosx_11_0_arm64.whl.metadata (4.1 kB)
Collecting markdown-it-py>=2.2.0 (from rich>=13.0->contractmodel>=0.2->etlantic==0.57.0->shuetl==0.6.0->shuetl==0.6.0)
  Using cached markdown_it_py-4.2.0-py3-none-any.whl.metadata (7.4 kB)
Collecting pygments<3.0.0,>=2.13.0 (from rich>=13.0->contractmodel>=0.2->etlantic==0.57.0->shuetl==0.6.0->shuetl==0.6.0)
  Using cached pygments-2.21.0-py3-none-any.whl.metadata (2.5 kB)
Collecting mdurl~=0.1 (from markdown-it-py>=2.2.0->rich>=13.0->contractmodel>=0.2->etlantic==0.57.0->shuetl==0.6.0->shuetl==0.6.0)
  Using cached mdurl-0.1.2-py3-none-any.whl.metadata (1.6 kB)
Collecting shellingham>=1.3.0 (from typer>=0.15->etlantic==0.57.0->shuetl==0.6.0->shuetl==0.6.0)
  Using cached shellingham-1.5.4-py2.py3-none-any.whl.metadata (3.5 kB)
Using cached etlantic-0.57.0-py3-none-any.whl (1.2 MB)
Using cached etlantic_fastapi-0.57.0-py3-none-any.whl (54 kB)
Using cached etlantic_sqlmodel-0.57.0-py3-none-any.whl (77 kB)
Using cached fastapi-0.141.1-py3-none-any.whl (131 kB)
Using cached httpx2-2.12.0-py3-none-any.whl (95 kB)
Using cached httpcore2-2.12.0-py3-none-any.whl (83 kB)
Using cached pydantic-2.13.5-py3-none-any.whl (472 kB)
Using cached pydantic_core-2.46.5-cp312-cp312-macosx_11_0_arm64.whl (1.9 MB)
Using cached pydantic_settings-2.15.0-py3-none-any.whl (69 kB)
Downloading sqlalchemy-2.0.52-cp312-cp312-macosx_11_0_arm64.whl (2.2 MB)
   ━━━━━━━━━━━━━━━━━━━━━━━━━━━━━━━━━━━━━━━━ 2.2/2.2 MB 10.6 MB/s  0:00:00
Using cached annotated_doc-0.0.5-py3-none-any.whl (5.3 kB)
Using cached annotated_types-0.8.0-py3-none-any.whl (13 kB)
Using cached anyio-4.15.1-py3-none-any.whl (132 kB)
Using cached click-8.5.0-py3-none-any.whl (125 kB)
Using cached contractmodel-0.2.0-py3-none-any.whl (74 kB)
Using cached pyodcs-0.9.1-cp39-abi3-macosx_11_0_arm64.whl (3.1 MB)
Using cached dtcs-0.13.0-cp39-abi3-macosx_11_0_arm64.whl (2.7 MB)
Using cached email_validator-2.3.0-py3-none-any.whl (35 kB)
Using cached dnspython-2.9.0-py3-none-any.whl (354 kB)
Using cached h11-0.16.0-py3-none-any.whl (37 kB)
Using cached idna-3.20-py3-none-any.whl (69 kB)
Using cached jsonschema-4.26.0-py3-none-any.whl (90 kB)
Using cached attrs-26.1.0-py3-none-any.whl (67 kB)
Using cached jsonschema_specifications-2025.9.1-py3-none-any.whl (18 kB)
Using cached packaging-26.3-py3-none-any.whl (129 kB)
Using cached python_dotenv-1.2.4-py3-none-any.whl (23 kB)
Using cached pyyaml-6.0.3-cp312-cp312-macosx_11_0_arm64.whl (173 kB)
Using cached referencing-0.37.0-py3-none-any.whl (26 kB)
Using cached rich-15.0.0-py3-none-any.whl (310 kB)
Using cached pygments-2.21.0-py3-none-any.whl (1.3 MB)
Using cached markdown_it_py-4.2.0-py3-none-any.whl (91 kB)
Using cached mdurl-0.1.2-py3-none-any.whl (10.0 kB)
Using cached rpds_py-2026.9.1-cp312-cp312-macosx_11_0_arm64.whl (341 kB)
Using cached sqlmodel-0.0.48-py3-none-any.whl (31 kB)
Using cached starlette-1.7.0-py3-none-any.whl (78 kB)
Using cached truststore-0.10.4-py3-none-any.whl (18 kB)
Using cached typer-0.27.3-py3-none-any.whl (123 kB)
Using cached shellingham-1.5.4-py2.py3-none-any.whl (9.8 kB)
Using cached typing_extensions-4.16.0-py3-none-any.whl (45 kB)
Using cached typing_inspection-0.4.4-py3-none-any.whl (14 kB)
Using cached tzdata-2026.5-py2.py3-none-any.whl (347 kB)
Installing collected packages: tzdata, typing-extensions, truststore, shellingham, rpds-py, pyyaml, python-dotenv, pyodcs, pygments, packaging, mdurl, idna, h11, dtcs, dpcs, dnspython, click, attrs, annotated-types, annotated-doc, typing-inspection, sqlalchemy, referencing, pydantic-core, markdown-it-py, httpcore2, email-validator, anyio, starlette, rich, pydantic, jsonschema-specifications, httpx2, typer, sqlmodel, pydantic-settings, jsonschema, fastapi, contractmodel, etlantic, etlantic-sqlmodel, etlantic-fastapi, shuetl

Successfully installed annotated-doc-0.0.5 annotated-types-0.8.0 anyio-4.15.1 attrs-26.1.0 click-8.5.0 contractmodel-0.2.0 dnspython-2.9.0 dpcs-0.13.1 dtcs-0.13.0 email-validator-2.3.0 etlantic-0.57.0 etlantic-fastapi-0.57.0 etlantic-sqlmodel-0.57.0 fastapi-0.141.1 h11-0.16.0 httpcore2-2.12.0 httpx2-2.12.0 idna-3.20 jsonschema-4.26.0 jsonschema-specifications-2025.9.1 markdown-it-py-4.2.0 mdurl-0.1.2 packaging-26.3 pydantic-2.13.5 pydantic-core-2.46.5 pydantic-settings-2.15.0 pygments-2.21.0 pyodcs-0.9.1 python-dotenv-1.2.4 pyyaml-6.0.3 referencing-0.37.0 rich-15.0.0 rpds-py-2026.9.1 shellingham-1.5.4 shuetl-0.6.0 sqlalchemy-2.0.52 sqlmodel-0.0.48 starlette-1.7.0 truststore-0.10.4 typer-0.27.3 typing-extensions-4.16.0 typing-inspection-0.4.4 tzdata-2026.5
{'shuetl': PosixPath('<isolated-wheel-path>'), 'etlantic': PosixPath('<isolated-wheel-path>'), 'etlantic_fastapi': PosixPath('<isolated-wheel-path>'), 'fastapi': PosixPath('<isolated-wheel-path>'), 'pydantic': PosixPath('<isolated-wheel-path>')}
sqlite provider ready at /var/folders/km/x299zwkn69d9gp8bjngqydw80000gn/T/shuetl-0.3-sqlite-tf68rf37/shuetl.db; provider=sqlite
Using CPython 3.12.13
Creating virtual environment with seed packages at: /var/folders/km/x299zwkn69d9gp8bjngqydw80000gn/T/shuetl-0.6.0-wheel-zpknns43/venv-postgresql
 + pip==26.2.1
Activate with: source /var/folders/km/x299zwkn69d9gp8bjngqydw80000gn/T/shuetl-0.6.0-wheel-zpknns43/venv-postgresql/bin/activate
Processing /private/tmp/shuetl-057-acceptance/shuetl-dist/shuetl-0.6.0-py3-none-any.whl (from shuetl==0.6.0)
Collecting etlantic-fastapi==0.57.0 (from shuetl==0.6.0->shuetl==0.6.0)
  Using cached etlantic_fastapi-0.57.0-py3-none-any.whl.metadata (17 kB)
Collecting etlantic==0.57.0 (from shuetl==0.6.0->shuetl==0.6.0)
  Using cached etlantic-0.57.0-py3-none-any.whl.metadata (12 kB)
Collecting fastapi==0.141.1 (from shuetl==0.6.0->shuetl==0.6.0)
  Using cached fastapi-0.141.1-py3-none-any.whl.metadata (27 kB)
Collecting pydantic-settings==2.15.0 (from shuetl==0.6.0->shuetl==0.6.0)
  Using cached pydantic_settings-2.15.0-py3-none-any.whl.metadata (3.9 kB)
Collecting pydantic==2.13.5 (from shuetl==0.6.0->shuetl==0.6.0)
  Using cached pydantic-2.13.5-py3-none-any.whl.metadata (110 kB)
Collecting etlantic-sqlmodel==0.57.0 (from shuetl==0.6.0->shuetl==0.6.0)
  Using cached etlantic_sqlmodel-0.57.0-py3-none-any.whl.metadata (5.3 kB)
Collecting psycopg==3.3.5 (from psycopg[binary]==3.3.5; extra == "postgresql"->shuetl==0.6.0->shuetl==0.6.0)
  Using cached psycopg-3.3.5-py3-none-any.whl.metadata (4.3 kB)
Collecting sqlalchemy==2.0.52 (from shuetl==0.6.0->shuetl==0.6.0)
  Using cached sqlalchemy-2.0.52-cp312-cp312-macosx_11_0_arm64.whl.metadata (9.6 kB)
Collecting httpx2==2.12.0 (from shuetl==0.6.0->shuetl==0.6.0)
  Using cached httpx2-2.12.0-py3-none-any.whl.metadata (9.5 kB)
Collecting anyio>=4 (from etlantic==0.57.0->shuetl==0.6.0->shuetl==0.6.0)
  Using cached anyio-4.15.1-py3-none-any.whl.metadata (4.7 kB)
Collecting click>=8 (from etlantic==0.57.0->shuetl==0.6.0->shuetl==0.6.0)
  Using cached click-8.5.0-py3-none-any.whl.metadata (2.6 kB)
Collecting contractmodel>=0.2 (from etlantic==0.57.0->shuetl==0.6.0->shuetl==0.6.0)
  Using cached contractmodel-0.2.0-py3-none-any.whl.metadata (14 kB)
Collecting dpcs>=0.13 (from etlantic==0.57.0->shuetl==0.6.0->shuetl==0.6.0)
  Using cached dpcs-0.13.1-cp39-abi3-macosx_11_0_arm64.whl
Collecting dtcs>=0.13 (from etlantic==0.57.0->shuetl==0.6.0->shuetl==0.6.0)
  Using cached dtcs-0.13.0-cp39-abi3-macosx_11_0_arm64.whl.metadata (5.7 kB)
Collecting jsonschema>=4.23 (from etlantic==0.57.0->shuetl==0.6.0->shuetl==0.6.0)
  Using cached jsonschema-4.26.0-py3-none-any.whl.metadata (7.6 kB)
Collecting packaging>=24 (from etlantic==0.57.0->shuetl==0.6.0->shuetl==0.6.0)
  Using cached packaging-26.3-py3-none-any.whl.metadata (3.5 kB)
Collecting typer>=0.15 (from etlantic==0.57.0->shuetl==0.6.0->shuetl==0.6.0)
  Using cached typer-0.27.3-py3-none-any.whl.metadata (16 kB)
Collecting tzdata>=2024.1 (from etlantic==0.57.0->shuetl==0.6.0->shuetl==0.6.0)
  Using cached tzdata-2026.5-py2.py3-none-any.whl.metadata (1.4 kB)
Collecting sqlmodel>=0.0.22 (from etlantic-sqlmodel==0.57.0->shuetl==0.6.0->shuetl==0.6.0)
  Using cached sqlmodel-0.0.48-py3-none-any.whl.metadata (9.5 kB)
Collecting starlette>=0.46.0 (from fastapi==0.141.1->shuetl==0.6.0->shuetl==0.6.0)
  Using cached starlette-1.7.0-py3-none-any.whl.metadata (6.6 kB)
Collecting typing-extensions>=4.8.0 (from fastapi==0.141.1->shuetl==0.6.0->shuetl==0.6.0)
  Using cached typing_extensions-4.16.0-py3-none-any.whl.metadata (3.3 kB)
Collecting typing-inspection>=0.4.2 (from fastapi==0.141.1->shuetl==0.6.0->shuetl==0.6.0)
  Using cached typing_inspection-0.4.4-py3-none-any.whl.metadata (2.6 kB)
Collecting annotated-doc>=0.0.2 (from fastapi==0.141.1->shuetl==0.6.0->shuetl==0.6.0)
  Using cached annotated_doc-0.0.5-py3-none-any.whl.metadata (6.5 kB)
Collecting httpcore2==2.12.0 (from httpx2==2.12.0->shuetl==0.6.0->shuetl==0.6.0)
  Using cached httpcore2-2.12.0-py3-none-any.whl.metadata (25 kB)
Collecting idna>=3.18 (from httpx2==2.12.0->shuetl==0.6.0->shuetl==0.6.0)
  Using cached idna-3.20-py3-none-any.whl.metadata (7.2 kB)
Collecting truststore>=0.10 (from httpx2==2.12.0->shuetl==0.6.0->shuetl==0.6.0)
  Using cached truststore-0.10.4-py3-none-any.whl.metadata (4.4 kB)
Collecting h11>=0.16 (from httpcore2==2.12.0->httpx2==2.12.0->shuetl==0.6.0->shuetl==0.6.0)
  Using cached h11-0.16.0-py3-none-any.whl.metadata (8.3 kB)
Collecting psycopg-binary==3.3.5 (from psycopg[binary]==3.3.5; extra == "postgresql"->shuetl==0.6.0->shuetl==0.6.0)
  Downloading psycopg_binary-3.3.5-cp312-cp312-macosx_11_0_arm64.whl.metadata (2.7 kB)
Collecting annotated-types>=0.6.0 (from pydantic==2.13.5->shuetl==0.6.0->shuetl==0.6.0)
  Using cached annotated_types-0.8.0-py3-none-any.whl.metadata (15 kB)
Collecting pydantic-core==2.46.5 (from pydantic==2.13.5->shuetl==0.6.0->shuetl==0.6.0)
  Using cached pydantic_core-2.46.5-cp312-cp312-macosx_11_0_arm64.whl.metadata (6.6 kB)
Collecting python-dotenv>=0.21.0 (from pydantic-settings==2.15.0->shuetl==0.6.0->shuetl==0.6.0)
  Using cached python_dotenv-1.2.4-py3-none-any.whl.metadata (29 kB)
Collecting email-validator>=2.0 (from contractmodel>=0.2->etlantic==0.57.0->shuetl==0.6.0->shuetl==0.6.0)
  Using cached email_validator-2.3.0-py3-none-any.whl.metadata (26 kB)
Collecting pyodcs<2,>=0.9.1 (from contractmodel>=0.2->etlantic==0.57.0->shuetl==0.6.0->shuetl==0.6.0)
  Using cached pyodcs-0.9.1-cp39-abi3-macosx_11_0_arm64.whl.metadata (6.7 kB)
Collecting pyyaml>=6.0 (from contractmodel>=0.2->etlantic==0.57.0->shuetl==0.6.0->shuetl==0.6.0)
  Using cached pyyaml-6.0.3-cp312-cp312-macosx_11_0_arm64.whl.metadata (2.4 kB)
Collecting rich>=13.0 (from contractmodel>=0.2->etlantic==0.57.0->shuetl==0.6.0->shuetl==0.6.0)
  Using cached rich-15.0.0-py3-none-any.whl.metadata (18 kB)
Collecting dnspython>=2.0.0 (from email-validator>=2.0->contractmodel>=0.2->etlantic==0.57.0->shuetl==0.6.0->shuetl==0.6.0)
  Using cached dnspython-2.9.0-py3-none-any.whl.metadata (5.7 kB)
Collecting attrs>=22.2.0 (from jsonschema>=4.23->etlantic==0.57.0->shuetl==0.6.0->shuetl==0.6.0)
  Using cached attrs-26.1.0-py3-none-any.whl.metadata (8.8 kB)
Collecting jsonschema-specifications>=2023.03.6 (from jsonschema>=4.23->etlantic==0.57.0->shuetl==0.6.0->shuetl==0.6.0)
  Using cached jsonschema_specifications-2025.9.1-py3-none-any.whl.metadata (2.9 kB)
Collecting referencing>=0.28.4 (from jsonschema>=4.23->etlantic==0.57.0->shuetl==0.6.0->shuetl==0.6.0)
  Using cached referencing-0.37.0-py3-none-any.whl.metadata (2.8 kB)
Collecting rpds-py>=0.25.0 (from jsonschema>=4.23->etlantic==0.57.0->shuetl==0.6.0->shuetl==0.6.0)
  Using cached rpds_py-2026.9.1-cp312-cp312-macosx_11_0_arm64.whl.metadata (4.1 kB)
Collecting markdown-it-py>=2.2.0 (from rich>=13.0->contractmodel>=0.2->etlantic==0.57.0->shuetl==0.6.0->shuetl==0.6.0)
  Using cached markdown_it_py-4.2.0-py3-none-any.whl.metadata (7.4 kB)
Collecting pygments<3.0.0,>=2.13.0 (from rich>=13.0->contractmodel>=0.2->etlantic==0.57.0->shuetl==0.6.0->shuetl==0.6.0)
  Using cached pygments-2.21.0-py3-none-any.whl.metadata (2.5 kB)
Collecting mdurl~=0.1 (from markdown-it-py>=2.2.0->rich>=13.0->contractmodel>=0.2->etlantic==0.57.0->shuetl==0.6.0->shuetl==0.6.0)
  Using cached mdurl-0.1.2-py3-none-any.whl.metadata (1.6 kB)
Collecting shellingham>=1.3.0 (from typer>=0.15->etlantic==0.57.0->shuetl==0.6.0->shuetl==0.6.0)
  Using cached shellingham-1.5.4-py2.py3-none-any.whl.metadata (3.5 kB)
Using cached etlantic-0.57.0-py3-none-any.whl (1.2 MB)
Using cached etlantic_fastapi-0.57.0-py3-none-any.whl (54 kB)
Using cached etlantic_sqlmodel-0.57.0-py3-none-any.whl (77 kB)
Using cached fastapi-0.141.1-py3-none-any.whl (131 kB)
Using cached httpx2-2.12.0-py3-none-any.whl (95 kB)
Using cached httpcore2-2.12.0-py3-none-any.whl (83 kB)
Using cached psycopg-3.3.5-py3-none-any.whl (213 kB)
Downloading psycopg_binary-3.3.5-cp312-cp312-macosx_11_0_arm64.whl (4.8 MB)
   ━━━━━━━━━━━━━━━━━━━━━━━━━━━━━━━━━━━━━━━━ 4.8/4.8 MB 18.3 MB/s  0:00:00
Using cached pydantic-2.13.5-py3-none-any.whl (472 kB)
Using cached pydantic_core-2.46.5-cp312-cp312-macosx_11_0_arm64.whl (1.9 MB)
Using cached pydantic_settings-2.15.0-py3-none-any.whl (69 kB)
Using cached sqlalchemy-2.0.52-cp312-cp312-macosx_11_0_arm64.whl (2.2 MB)
Using cached annotated_doc-0.0.5-py3-none-any.whl (5.3 kB)
Using cached annotated_types-0.8.0-py3-none-any.whl (13 kB)
Using cached anyio-4.15.1-py3-none-any.whl (132 kB)
Using cached click-8.5.0-py3-none-any.whl (125 kB)
Using cached contractmodel-0.2.0-py3-none-any.whl (74 kB)
Using cached pyodcs-0.9.1-cp39-abi3-macosx_11_0_arm64.whl (3.1 MB)
Using cached dtcs-0.13.0-cp39-abi3-macosx_11_0_arm64.whl (2.7 MB)
Using cached email_validator-2.3.0-py3-none-any.whl (35 kB)
Using cached dnspython-2.9.0-py3-none-any.whl (354 kB)
Using cached h11-0.16.0-py3-none-any.whl (37 kB)
Using cached idna-3.20-py3-none-any.whl (69 kB)
Using cached jsonschema-4.26.0-py3-none-any.whl (90 kB)
Using cached attrs-26.1.0-py3-none-any.whl (67 kB)
Using cached jsonschema_specifications-2025.9.1-py3-none-any.whl (18 kB)
Using cached packaging-26.3-py3-none-any.whl (129 kB)
Using cached python_dotenv-1.2.4-py3-none-any.whl (23 kB)
Using cached pyyaml-6.0.3-cp312-cp312-macosx_11_0_arm64.whl (173 kB)
Using cached referencing-0.37.0-py3-none-any.whl (26 kB)
Using cached rich-15.0.0-py3-none-any.whl (310 kB)
Using cached pygments-2.21.0-py3-none-any.whl (1.3 MB)
Using cached markdown_it_py-4.2.0-py3-none-any.whl (91 kB)
Using cached mdurl-0.1.2-py3-none-any.whl (10.0 kB)
Using cached rpds_py-2026.9.1-cp312-cp312-macosx_11_0_arm64.whl (341 kB)
Using cached sqlmodel-0.0.48-py3-none-any.whl (31 kB)
Using cached starlette-1.7.0-py3-none-any.whl (78 kB)
Using cached truststore-0.10.4-py3-none-any.whl (18 kB)
Using cached typer-0.27.3-py3-none-any.whl (123 kB)
Using cached shellingham-1.5.4-py2.py3-none-any.whl (9.8 kB)
Using cached typing_extensions-4.16.0-py3-none-any.whl (45 kB)
Using cached typing_inspection-0.4.4-py3-none-any.whl (14 kB)
Using cached tzdata-2026.5-py2.py3-none-any.whl (347 kB)
Installing collected packages: tzdata, typing-extensions, truststore, shellingham, rpds-py, pyyaml, python-dotenv, pyodcs, pygments, psycopg-binary, packaging, mdurl, idna, h11, dtcs, dpcs, dnspython, click, attrs, annotated-types, annotated-doc, typing-inspection, sqlalchemy, referencing, pydantic-core, psycopg, markdown-it-py, httpcore2, email-validator, anyio, starlette, rich, pydantic, jsonschema-specifications, httpx2, typer, sqlmodel, pydantic-settings, jsonschema, fastapi, contractmodel, etlantic, etlantic-sqlmodel, etlantic-fastapi, shuetl

Successfully installed annotated-doc-0.0.5 annotated-types-0.8.0 anyio-4.15.1 attrs-26.1.0 click-8.5.0 contractmodel-0.2.0 dnspython-2.9.0 dpcs-0.13.1 dtcs-0.13.0 email-validator-2.3.0 etlantic-0.57.0 etlantic-fastapi-0.57.0 etlantic-sqlmodel-0.57.0 fastapi-0.141.1 h11-0.16.0 httpcore2-2.12.0 httpx2-2.12.0 idna-3.20 jsonschema-4.26.0 jsonschema-specifications-2025.9.1 markdown-it-py-4.2.0 mdurl-0.1.2 packaging-26.3 psycopg-3.3.5 psycopg-binary-3.3.5 pydantic-2.13.5 pydantic-core-2.46.5 pydantic-settings-2.15.0 pygments-2.21.0 pyodcs-0.9.1 python-dotenv-1.2.4 pyyaml-6.0.3 referencing-0.37.0 rich-15.0.0 rpds-py-2026.9.1 shellingham-1.5.4 shuetl-0.6.0 sqlalchemy-2.0.52 sqlmodel-0.0.48 starlette-1.7.0 truststore-0.10.4 typer-0.27.3 typing-extensions-4.16.0 typing-inspection-0.4.4 tzdata-2026.5
{'shuetl': PosixPath('<isolated-wheel-path>'), 'etlantic': PosixPath('<isolated-wheel-path>'), 'etlantic_fastapi': PosixPath('<isolated-wheel-path>'), 'fastapi': PosixPath('<isolated-wheel-path>'), 'pydantic': PosixPath('<isolated-wheel-path>')}
clean-wheel verification passed: shuetl-0.6.0-py3-none-any.whl
